102.08.08 15:29 B D:\CormasWeb\pdf\accompagnement.pdf <-- cormas /www/cormas.cirad.fr/prod/pdf accompagnement.pdf
102.08.08 15:29 B D:\CormasWeb\pdf\amblard.pdf <-- cormas /www/cormas.cirad.fr/prod/pdf amblard.pdf
102.08.08 15:29 B D:\CormasWeb\pdf\bakamlnai.pdf <-- cormas /www/cormas.cirad.fr/prod/pdf bakamlnai.pdf
102.08.08 15:29 B D:\CormasWeb\pdf\bakampetri.pdf <-- cormas /www/cormas.cirad.fr/prod/pdf bakampetri.pdf
102.08.08 15:30 B D:\CormasWeb\pdf\becu.pdf <-- cormas /www/cormas.cirad.fr/prod/pdf becu.pdf
102.08.08 15:30 B D:\CormasWeb\pdf\castellon.pdf <-- cormas /www/cormas.cirad.fr/prod/pdf castellon.pdf
102.08.08 15:30 B D:\CormasWeb\pdf\ceemas99.pdf <-- cormas /www/cormas.cirad.fr/prod/pdf ceemas99.pdf
102.08.08 15:30 B D:\CormasWeb\pdf\cormastsi.pdf <-- cormas /www/cormas.cirad.fr/prod/pdf cormastsi.pdf
102.08.08 15:30 B D:\CormasWeb\pdf\cormasw.pdf <-- cormas /www/cormas.cirad.fr/prod/pdf cormasw.pdf
102.08.08 15:30 B D:\CormasWeb\pdf\daall.pdf <-- cormas /www/cormas.cirad.fr/prod/pdf daall.pdf
102.08.08 15:31 B D:\CormasWeb\pdf\djemiong.pdf <-- cormas /www/cormas.cirad.fr/prod/pdf djemiong.pdf
102.08.08 15:31 B D:\CormasWeb\pdf\Echos-englishVersion.ppt <-- cormas /www/cormas.cirad.fr/prod/pdf Echos-englishVersion.ppt
102.08.08 15:31 B D:\CormasWeb\pdf\fiche.pdf <-- cormas /www/cormas.cirad.fr/prod/pdf fiche.pdf
102.08.08 15:31 B D:\CormasWeb\pdf\ficheeng.pdf <-- cormas /www/cormas.cirad.fr/prod/pdf ficheeng.pdf
102.08.08 15:31 B D:\CormasWeb\pdf\gowith.pdf <-- cormas /www/cormas.cirad.fr/prod/pdf gowith.pdf
102.08.08 15:31 B D:\CormasWeb\pdf\green.pdf <-- cormas /www/cormas.cirad.fr/prod/pdf green.pdf
102.08.08 15:31 B D:\CormasWeb\pdf\guidespjeu.pdf <-- cormas /www/cormas.cirad.fr/prod/pdf guidespjeu.pdf
102.08.08 15:31 B D:\CormasWeb\pdf\guidespjeueng.pdf <-- cormas /www/cormas.cirad.fr/prod/pdf guidespjeueng.pdf
102.08.08 15:31 B D:\CormasWeb\pdf\hdrbousquet.pdf <-- cormas /www/cormas.cirad.fr/prod/pdf hdrbousquet.pdf
102.08.08 15:31 B D:\CormasWeb\pdf\icmas.pdf <-- cormas /www/cormas.cirad.fr/prod/pdf icmas.pdf
102.08.08 15:31 B D:\CormasWeb\pdf\inscriptionStageEconoEnvir.zip <-- cormas /www/cormas.cirad.fr/prod/pdf inscriptionStageEconoEnvir.zip
102.08.08 15:31 B D:\CormasWeb\pdf\irri.pdf <-- cormas /www/cormas.cirad.fr/prod/pdf irri.pdf
102.08.08 15:31 B D:\CormasWeb\pdf\isimajbe.pdf <-- cormas /www/cormas.cirad.fr/prod/pdf isimajbe.pdf
102.08.08 15:31 B D:\CormasWeb\pdf\iufro.pdf <-- cormas /www/cormas.cirad.fr/prod/pdf iufro.pdf
102.08.08 15:31 B D:\CormasWeb\pdf\janssenEdited.pdf <-- cormas /www/cormas.cirad.fr/prod/pdf janssenEdited.pdf
102.08.08 15:31 B D:\CormasWeb\pdf\jardinplanetaire.pdf <-- cormas /www/cormas.cirad.fr/prod/pdf jardinplanetaire.pdf
102.08.08 15:31 B D:\CormasWeb\pdf\jfiadlardon.pdf <-- cormas /www/cormas.cirad.fr/prod/pdf jfiadlardon.pdf
102.08.08 15:31 B D:\CormasWeb\pdf\kchtb0.pdf <-- cormas /www/cormas.cirad.fr/prod/pdf kchtb0.pdf
102.08.08 15:31 B D:\CormasWeb\pdf\lieurain.pdf <-- cormas /www/cormas.cirad.fr/prod/pdf lieurain.pdf
102.08.08 15:31 B D:\CormasWeb\pdf\lieuraindea.pdf <-- cormas /www/cormas.cirad.fr/prod/pdf lieuraindea.pdf
102.08.08 15:31 B D:\CormasWeb\pdf\maamawFormatte.PDF <-- cormas /www/cormas.cirad.fr/prod/pdf maamawFormatte.PDF
102.08.08 15:31 B D:\CormasWeb\pdf\mabs.pdf <-- cormas /www/cormas.cirad.fr/prod/pdf mabs.pdf
102.08.08 15:32 B D:\CormasWeb\pdf\Martine-Passau2002.pdf <-- cormas /www/cormas.cirad.fr/prod/pdf Martine-Passau2002.pdf
102.08.08 15:32 B D:\CormasWeb\pdf\MASdjemiong.pdf <-- cormas /www/cormas.cirad.fr/prod/pdf MASdjemiong.pdf
102.08.08 15:33 B D:\CormasWeb\pdf\nasa4.ps <-- cormas /www/cormas.cirad.fr/prod/pdf nasa4.ps
102.08.08 15:33 B D:\CormasWeb\pdf\paperChiangMai 2001.ZIP <-- cormas /www/cormas.cirad.fr/prod/pdf paperChiangMai 2001.ZIP
102.08.08 15:33 B D:\CormasWeb\pdf\piree.pdf <-- cormas /www/cormas.cirad.fr/prod/pdf piree.pdf
102.08.08 15:33 B D:\CormasWeb\pdf\plaquette.pdf <-- cormas /www/cormas.cirad.fr/prod/pdf plaquette.pdf
102.08.08 15:33 B D:\CormasWeb\pdf\plaquette2.pdf <-- cormas /www/cormas.cirad.fr/prod/pdf plaquette2.pdf
102.08.08 15:33 B D:\CormasWeb\pdf\Plaquette_advanced.pdf <-- cormas /www/cormas.cirad.fr/prod/pdf Plaquette_advanced.pdf
102.08.08 15:33 B D:\CormasWeb\pdf\plaquette_en.pdf <-- cormas /www/cormas.cirad.fr/prod/pdf plaquette_en.pdf
102.08.08 15:33 B D:\CormasWeb\pdf\presentationCormas2002.ppt <-- cormas /www/cormas.cirad.fr/prod/pdf presentationCormas2002.ppt
102.08.08 15:33 B D:\CormasWeb\pdf\quickSilver.pdf <-- cormas /www/cormas.cirad.fr/prod/pdf quickSilver.pdf
102.08.08 15:33 B D:\CormasWeb\pdf\rangeland.pdf <-- cormas /www/cormas.cirad.fr/prod/pdf rangeland.pdf
102.08.08 15:33 B D:\CormasWeb\pdf\RegForm_advanced.pdf <-- cormas /www/cormas.cirad.fr/prod/pdf RegForm_advanced.pdf
102.08.08 15:33 B D:\CormasWeb\pdf\stageEconomieEnvironnement.zip <-- cormas /www/cormas.cirad.fr/prod/pdf stageEconomieEnvironnement.zip
102.08.08 15:33 B D:\CormasWeb\pdf\Stefano-Passau2002.pdf <-- cormas /www/cormas.cirad.fr/prod/pdf Stefano-Passau2002.pdf
102.08.08 15:33 B D:\CormasWeb\pdf\thesejr.pdf <-- cormas /www/cormas.cirad.fr/prod/pdf thesejr.pdf
102.08.08 15:33 B D:\CormasWeb\pdf\thesejr2.pdf <-- cormas /www/cormas.cirad.fr/prod/pdf thesejr2.pdf
102.08.08 15:33 B D:\CormasWeb\pdf\theseob.pdf <-- cormas /www/cormas.cirad.fr/prod/pdf theseob.pdf
102.08.08 15:33 B D:\CormasWeb\pdf\thesesf.pdf <-- cormas /www/cormas.cirad.fr/prod/pdf thesesf.pdf
102.08.08 15:33 B D:\CormasWeb\pdf\userguide.pdf <-- cormas /www/cormas.cirad.fr/prod/pdf userguide.pdf
